// Jest Snapshot v1, https://goo.gl/fbAQLP

exports[`Select Component should match snapshot 1`] = `
<div>
  <div>
    SelectCoin
  </div>
</div>
`;
